[0.036s] Invoking command in '/home/janelleg/dev_ws/build/minibot': /usr/bin/cmake --build /home/janelleg/dev_ws/build/minibot -- -j8 -l8
[0.096s] -- Found ament_cmake: 1.3.10 (/opt/ros/humble/share/ament_cmake/cmake)
[0.561s] Error parsing '/home/janelleg/dev_ws/src/minibot/package.xml':
[0.670s] Traceback (most recent call last):
[0.670s]   File "/usr/lib/python3/dist-packages/catkin_pkg/package.py", line 610, in parse_package_string
[0.678s]     root = dom.parseString(data)
[0.678s]   File "/usr/lib/python3.10/xml/dom/minidom.py", line 2000, in parseString
[0.679s]     return expatbuilder.parseString(string)
[0.679s]   File "/usr/lib/python3.10/xml/dom/expatbuilder.py", line 925, in parseString
[0.680s]     return builder.parseString(string)
[0.680s]   File "/usr/lib/python3.10/xml/dom/expatbuilder.py", line 223, in parseString
[0.680s]     parser.Parse(string, True)
[0.680s] xml.parsers.expat.ExpatError: XML or text declaration not at start of entity: line 3, column 0
[0.680s] 
[0.681s] During handling of the above exception, another exception occurred:
[0.681s] 
[0.681s] Traceback (most recent call last):
[0.681s]   File "/opt/ros/humble/share/ament_cmake_core/cmake/core/package_xml_2_cmake.py", line 150, in <module>
[0.681s]     main()
[0.681s]   File "/opt/ros/humble/share/ament_cmake_core/cmake/core/package_xml_2_cmake.py", line 53, in main
[0.681s]     raise e
[0.681s]   File "/opt/ros/humble/share/ament_cmake_core/cmake/core/package_xml_2_cmake.py", line 49, in main
[0.681s]     package = parse_package_string(
[0.681s]   File "/usr/lib/python3/dist-packages/catkin_pkg/package.py", line 612, in parse_package_string
[0.682s]     raise InvalidPackage('The manifest contains invalid XML:\n%s' % ex, filename)
[0.682s] catkin_pkg.package.InvalidPackage: Error(s) in package '/home/janelleg/dev_ws/src/minibot/package.xml':
[0.682s] The manifest contains invalid XML:
[0.682s] XML or text declaration not at start of entity: line 3, column 0
[0.715s] [31mCMake Error at /opt/ros/humble/share/ament_cmake_core/cmake/core/ament_package_xml.cmake:95 (message):
[0.716s]   execute_process(/usr/bin/python3
[0.716s]   /opt/ros/humble/share/ament_cmake_core/cmake/core/package_xml_2_cmake.py
[0.716s]   /home/janelleg/dev_ws/src/minibot/package.xml
[0.717s]   /home/janelleg/dev_ws/build/minibot/ament_cmake_core/package.cmake)
[0.717s]   returned error code 1
[0.717s] Call Stack (most recent call first):
[0.717s]   /opt/ros/humble/share/ament_cmake_core/cmake/core/ament_package_xml.cmake:49 (_ament_package_xml)
[0.717s]   /opt/ros/humble/share/ament_cmake_core/cmake/core/ament_package.cmake:63 (ament_package_xml)
[0.717s]   CMakeLists.txt:17 (ament_package)
[0.717s] 
[0.717s] [0m
[0.717s] -- Configuring incomplete, errors occurred!
[0.718s] See also "/home/janelleg/dev_ws/build/minibot/CMakeFiles/CMakeOutput.log".
[0.720s] gmake: *** [Makefile:226: cmake_check_build_system] Error 1
[0.727s] Invoked command in '/home/janelleg/dev_ws/build/minibot' returned '2': /usr/bin/cmake --build /home/janelleg/dev_ws/build/minibot -- -j8 -l8
