[0.000000] (-) TimerEvent: {}
[0.000657] (minibot) JobQueued: {'identifier': 'minibot', 'dependencies': OrderedDict()}
[0.000904] (minibot) JobStarted: {'identifier': 'minibot'}
[0.023098] (minibot) JobProgress: {'identifier': 'minibot', 'progress': 'cmake'}
[0.025769] (minibot) JobProgress: {'identifier': 'minibot', 'progress': 'build'}
[0.028098] (minibot) Command: {'cmd': ['/usr/bin/cmake', '--build', '/home/janelleg/dev_ws/build/minibot', '--', '-j8', '-l8'], 'cwd': '/home/janelleg/dev_ws/build/minibot', 'env': OrderedDict([('GJS_DEBUG_TOPICS', 'JS ERROR;JS LOG'), ('LESSOPEN', '| /usr/bin/lesspipe %s'), ('USER', 'janelleg'), ('XDG_SESSION_TYPE', 'wayland'), ('GIT_ASKPASS', '/usr/share/code/resources/app/extensions/git/dist/askpass.sh'), ('SHLVL', '2'), ('LD_LIBRARY_PATH', '/usr/lib/x86_64-linux-gnu/gazebo-11/plugins:/opt/ros/humble/opt/rviz_ogre_vendor/lib:/opt/ros/humble/lib/x86_64-linux-gnu:/opt/ros/humble/lib'), ('HOME', '/home/janelleg'), ('CHROME_DESKTOP', 'code-url-handler.desktop'), ('OLDPWD', '/home/janelleg/dev_ws/src'), ('TERM_PROGRAM_VERSION', '1.93.1'), ('DESKTOP_SESSION', 'ubuntu'), ('GIO_LAUNCHED_DESKTOP_FILE', '/usr/share/applications/terminator.desktop'), ('ROS_PYTHON_VERSION', '3'), ('GNOME_SHELL_SESSION_MODE', 'ubuntu'), ('GTK_MODULES', 'gail:atk-bridge'), ('VSCODE_GIT_ASKPASS_MAIN', '/usr/share/code/resources/app/extensions/git/dist/askpass-main.js'), ('VSCODE_GIT_ASKPASS_NODE', '/usr/share/code/code'), ('MANAGERPID', '1344'), ('SYSTEMD_EXEC_PID', '1517'), ('DBUS_SESSION_BUS_ADDRESS', 'unix:path=/run/user/1001/bus'), ('COLORTERM', 'truecolor'), ('TERMINATOR_DBUS_NAME', 'net.tenshu.Terminator25ef4b219e3b005583550f2b0f9f990c3'), ('GIO_LAUNCHED_DESKTOP_FILE_PID', '21640'), ('_colcon_cd_root', '/opt/ros/humble/'), ('IM_CONFIG_PHASE', '1'), ('WAYLAND_DISPLAY', 'wayland-0'), ('ROS_DISTRO', 'humble'), ('LOGNAME', 'janelleg'), ('JOURNAL_STREAM', '8:14611'), ('_', '/usr/bin/colcon'), ('ROS_VERSION', '2'), ('XDG_SESSION_CLASS', 'user'), ('USERNAME', 'janelleg'), ('TERM', 'xterm-256color'), ('GNOME_DESKTOP_SESSION_ID', 'this-is-deprecated'), ('ROS_LOCALHOST_ONLY', '0'), ('PATH', '/opt/ros/humble/bin:/usr/local/sbin:/usr/local/bin:/usr/sbin:/usr/bin:/sbin:/bin:/usr/games:/usr/local/games:/snap/bin:/snap/bin'), ('SESSION_MANAGER', 'local/am-dev-15:@/tmp/.ICE-unix/1473,unix/am-dev-15:/tmp/.ICE-unix/1473'), ('INVOCATION_ID', '29f7048c4d764760acf85350f77e8a24'), ('XDG_MENU_PREFIX', 'gnome-'), ('GNOME_TERMINAL_SCREEN', '/org/gnome/Terminal/screen/36cda0df_3a87_4d1b_83c7_b6c2a83d315d'), ('GNOME_SETUP_DISPLAY', ':1'), ('XDG_RUNTIME_DIR', '/run/user/1001'), ('GDK_BACKEND', 'x11'), ('DISPLAY', ':0'), ('TERMINATOR_DBUS_PATH', '/net/tenshu/Terminator2'), ('LANG', 'en_US.UTF-8'), ('XDG_CURRENT_DESKTOP', 'Unity'), ('IBUS_DISABLE_SNOOPER', '1'), ('XMODIFIERS', '@im=ibus'), ('XDG_SESSION_DESKTOP', 'ubuntu'), ('XAUTHORITY', '/run/user/1001/.mutter-Xwaylandauth.8T7UU2'), ('LS_COLORS', 'rs=0:di=01;34:ln=01;36:mh=00:pi=40;33:so=01;35:do=01;35:bd=40;33;01:cd=40;33;01:or=40;31;01:mi=00:su=37;41:sg=30;43:ca=30;41:tw=30;42:ow=34;42:st=37;44:ex=01;32:*.tar=01;31:*.tgz=01;31:*.arc=01;31:*.arj=01;31:*.taz=01;31:*.lha=01;31:*.lz4=01;31:*.lzh=01;31:*.lzma=01;31:*.tlz=01;31:*.txz=01;31:*.tzo=01;31:*.t7z=01;31:*.zip=01;31:*.z=01;31:*.dz=01;31:*.gz=01;31:*.lrz=01;31:*.lz=01;31:*.lzo=01;31:*.xz=01;31:*.zst=01;31:*.tzst=01;31:*.bz2=01;31:*.bz=01;31:*.tbz=01;31:*.tbz2=01;31:*.tz=01;31:*.deb=01;31:*.rpm=01;31:*.jar=01;31:*.war=01;31:*.ear=01;31:*.sar=01;31:*.rar=01;31:*.alz=01;31:*.ace=01;31:*.zoo=01;31:*.cpio=01;31:*.7z=01;31:*.rz=01;31:*.cab=01;31:*.wim=01;31:*.swm=01;31:*.dwm=01;31:*.esd=01;31:*.jpg=01;35:*.jpeg=01;35:*.mjpg=01;35:*.mjpeg=01;35:*.gif=01;35:*.bmp=01;35:*.pbm=01;35:*.pgm=01;35:*.ppm=01;35:*.tga=01;35:*.xbm=01;35:*.xpm=01;35:*.tif=01;35:*.tiff=01;35:*.png=01;35:*.svg=01;35:*.svgz=01;35:*.mng=01;35:*.pcx=01;35:*.mov=01;35:*.mpg=01;35:*.mpeg=01;35:*.m2v=01;35:*.mkv=01;35:*.webm=01;35:*.webp=01;35:*.ogm=01;35:*.mp4=01;35:*.m4v=01;35:*.mp4v=01;35:*.vob=01;35:*.qt=01;35:*.nuv=01;35:*.wmv=01;35:*.asf=01;35:*.rm=01;35:*.rmvb=01;35:*.flc=01;35:*.avi=01;35:*.fli=01;35:*.flv=01;35:*.gl=01;35:*.dl=01;35:*.xcf=01;35:*.xwd=01;35:*.yuv=01;35:*.cgm=01;35:*.emf=01;35:*.ogv=01;35:*.ogx=01;35:*.aac=00;36:*.au=00;36:*.flac=00;36:*.m4a=00;36:*.mid=00;36:*.midi=00;36:*.mka=00;36:*.mp3=00;36:*.mpc=00;36:*.ogg=00;36:*.ra=00;36:*.wav=00;36:*.oga=00;36:*.opus=00;36:*.spx=00;36:*.xspf=00;36:'), ('VSCODE_GIT_IPC_HANDLE', '/run/user/1001/vscode-git-8c3b34073d.sock'), ('GNOME_TERMINAL_SERVICE', ':1.146'), ('TERM_PROGRAM', 'vscode'), ('SSH_AGENT_LAUNCHER', 'gnome-keyring'), ('SSH_AUTH_SOCK', '/run/user/1001/keyring/ssh'), ('ROS_DOMAIN_ID', '15'), ('AMENT_PREFIX_PATH', '/opt/ros/humble'), ('ORIGINAL_XDG_CURRENT_DESKTOP', 'ubuntu:GNOME'), ('SHELL', '/bin/bash'), ('TERMINATOR_UUID', 'urn:uuid:2637c119-cc19-4d6f-9393-cbd72309d01b'), ('QT_ACCESSIBILITY', '1'), ('NO_AT_BRIDGE', '1'), ('GDMSESSION', 'ubuntu'), ('LESSCLOSE', '/usr/bin/lesspipe %s %s'), ('GJS_DEBUG_OUTPUT', 'stderr'), ('VSCODE_GIT_ASKPASS_EXTRA_ARGS', ''), ('QT_IM_MODULE', 'ibus'), ('PWD', '/home/janelleg/dev_ws/build/minibot'), ('XDG_CONFIG_DIRS', '/etc/xdg/xdg-ubuntu:/etc/xdg'), ('XDG_DATA_DIRS', '/usr/share/ubuntu:/usr/local/share/:/usr/share/:/var/lib/snapd/desktop'), ('PYTHONPATH', '/opt/ros/humble/lib/python3.10/site-packages:/opt/ros/humble/local/lib/python3.10/dist-packages'), ('COLCON', '1'), ('VTE_VERSION', '6800')]), 'shell': False}
[0.097120] (minibot) StdoutLine: {'line': b'-- Found ament_cmake: 1.3.10 (/opt/ros/humble/share/ament_cmake/cmake)\n'}
[0.097639] (-) TimerEvent: {}
[0.198151] (-) TimerEvent: {}
[0.298729] (-) TimerEvent: {}
[0.399360] (-) TimerEvent: {}
[0.500018] (-) TimerEvent: {}
[0.561283] (minibot) StderrLine: {'line': b"Error parsing '/home/janelleg/dev_ws/src/minibot/package.xml':\n"}
[0.600194] (-) TimerEvent: {}
[0.670083] (minibot) StderrLine: {'line': b'Traceback (most recent call last):\n'}
[0.670572] (minibot) StderrLine: {'line': b'  File "/usr/lib/python3/dist-packages/catkin_pkg/package.py", line 610, in parse_package_string\n'}
[0.678534] (minibot) StderrLine: {'line': b'    root = dom.parseString(data)\n'}
[0.678995] (minibot) StderrLine: {'line': b'  File "/usr/lib/python3.10/xml/dom/minidom.py", line 2000, in parseString\n'}
[0.679451] (minibot) StderrLine: {'line': b'    return expatbuilder.parseString(string)\n'}
[0.679776] (minibot) StderrLine: {'line': b'  File "/usr/lib/python3.10/xml/dom/expatbuilder.py", line 925, in parseString\n'}
[0.680333] (minibot) StderrLine: {'line': b'    return builder.parseString(string)\n'}
[0.680636] (minibot) StderrLine: {'line': b'  File "/usr/lib/python3.10/xml/dom/expatbuilder.py", line 223, in parseString\n'}
[0.680903] (minibot) StderrLine: {'line': b'    parser.Parse(string, True)\n'}
[0.681028] (minibot) StderrLine: {'line': b'xml.parsers.expat.ExpatError: XML or text declaration not at start of entity: line 3, column 0\n'}
[0.681282] (minibot) StderrLine: {'line': b'\n'}
[0.681415] (minibot) StderrLine: {'line': b'During handling of the above exception, another exception occurred:\n'}
[0.681513] (minibot) StderrLine: {'line': b'\n'}
[0.681624] (minibot) StderrLine: {'line': b'Traceback (most recent call last):\n'}
[0.681719] (minibot) StderrLine: {'line': b'  File "/opt/ros/humble/share/ament_cmake_core/cmake/core/package_xml_2_cmake.py", line 150, in <module>\n'}
[0.681826] (minibot) StderrLine: {'line': b'    main()\n'}
[0.681952] (minibot) StderrLine: {'line': b'  File "/opt/ros/humble/share/ament_cmake_core/cmake/core/package_xml_2_cmake.py", line 53, in main\n'}
[0.682057] (minibot) StderrLine: {'line': b'    raise e\n'}
[0.682164] (minibot) StderrLine: {'line': b'  File "/opt/ros/humble/share/ament_cmake_core/cmake/core/package_xml_2_cmake.py", line 49, in main\n'}
[0.682259] (minibot) StderrLine: {'line': b'    package = parse_package_string(\n'}
[0.682350] (minibot) StderrLine: {'line': b'  File "/usr/lib/python3/dist-packages/catkin_pkg/package.py", line 612, in parse_package_string\n'}
[0.682442] (minibot) StderrLine: {'line': b"    raise InvalidPackage('The manifest contains invalid XML:\\n%s' % ex, filename)\n"}
[0.682536] (minibot) StderrLine: {'line': b"catkin_pkg.package.InvalidPackage: Error(s) in package '/home/janelleg/dev_ws/src/minibot/package.xml':\n"}
[0.682656] (minibot) StderrLine: {'line': b'The manifest contains invalid XML:\n'}
[0.682746] (minibot) StderrLine: {'line': b'XML or text declaration not at start of entity: line 3, column 0\n'}
[0.700327] (-) TimerEvent: {}
[0.715811] (minibot) StderrLine: {'line': b'\x1b[31mCMake Error at /opt/ros/humble/share/ament_cmake_core/cmake/core/ament_package_xml.cmake:95 (message):\n'}
[0.716463] (minibot) StderrLine: {'line': b'  execute_process(/usr/bin/python3\n'}
[0.716739] (minibot) StderrLine: {'line': b'  /opt/ros/humble/share/ament_cmake_core/cmake/core/package_xml_2_cmake.py\n'}
[0.716971] (minibot) StderrLine: {'line': b'  /home/janelleg/dev_ws/src/minibot/package.xml\n'}
[0.717486] (minibot) StderrLine: {'line': b'  /home/janelleg/dev_ws/build/minibot/ament_cmake_core/package.cmake)\n'}
[0.717670] (minibot) StderrLine: {'line': b'  returned error code 1\n'}
[0.717770] (minibot) StderrLine: {'line': b'Call Stack (most recent call first):\n'}
[0.717864] (minibot) StderrLine: {'line': b'  /opt/ros/humble/share/ament_cmake_core/cmake/core/ament_package_xml.cmake:49 (_ament_package_xml)\n'}
[0.717958] (minibot) StderrLine: {'line': b'  /opt/ros/humble/share/ament_cmake_core/cmake/core/ament_package.cmake:63 (ament_package_xml)\n'}
[0.718057] (minibot) StderrLine: {'line': b'  CMakeLists.txt:17 (ament_package)\n'}
[0.718154] (minibot) StderrLine: {'line': b'\n'}
[0.718240] (minibot) StderrLine: {'line': b'\x1b[0m\n'}
[0.718327] (minibot) StdoutLine: {'line': b'-- Configuring incomplete, errors occurred!\n'}
[0.718436] (minibot) StdoutLine: {'line': b'See also "/home/janelleg/dev_ws/build/minibot/CMakeFiles/CMakeOutput.log".\n'}
[0.720481] (minibot) StderrLine: {'line': b'gmake: *** [Makefile:226: cmake_check_build_system] Error 1\n'}
[0.727345] (minibot) CommandEnded: {'returncode': 2}
[0.728774] (minibot) JobEnded: {'identifier': 'minibot', 'rc': 2}
[0.739186] (-) EventReactorShutdown: {}
